Archive member included to satisfy reference by file (symbol)

/usr/lib/gcc/avr/5.4.0/avrxmega6/libgcc.a(_exit.o)
                              /usr/lib/gcc/avr/5.4.0/../../../avr/lib/avrxmega6/crtatxmega128d3.o (exit)
/usr/lib/gcc/avr/5.4.0/avrxmega6/libgcc.a(_copy_data.o)
                              objdir/simpleserial-aes.o (__do_copy_data)
/usr/lib/gcc/avr/5.4.0/avrxmega6/libgcc.a(_clear_bss.o)
                              objdir/simpleserial-aes.o (__do_clear_bss)
/usr/lib/gcc/avr/5.4.0/../../../avr/lib/avrxmega6/libc.a(memcpy.o)
                              objdir/aes_keyschedule.o (memcpy)

Allocating common symbols
Common symbol       size              file

aes_sbox2           0x100             objdir/simpleserial-aes.o
rmask               0x2               objdir/simpleserial-aes.o
ctx                 0xb0              objdir/aes-independant.o

Memory Configuration

Name             Origin             Length             Attributes
text             0x0000000000000000 0x0000000000100000 xr
data             0x0000000000802000 0x000000000000ffa0 rw !x
eeprom           0x0000000000810000 0x0000000000010000 rw !x
fuse             0x0000000000820000 0x0000000000000006 rw !x
lock             0x0000000000830000 0x0000000000000400 rw !x
signature        0x0000000000840000 0x0000000000000400 rw !x
user_signatures  0x0000000000850000 0x0000000000000400 rw !x
*default*        0x0000000000000000 0xffffffffffffffff

Linker script and memory map

LOAD /usr/lib/gcc/avr/5.4.0/../../../avr/lib/avrxmega6/crtatxmega128d3.o
LOAD objdir/simpleserial-aes.o
LOAD objdir/simpleserial.o
LOAD objdir/XMEGA_AES_driver.o
LOAD objdir/uart.o
LOAD objdir/usart_driver.o
LOAD objdir/xmega_hal.o
LOAD objdir/aes-independant.o
LOAD objdir/aes_enc.o
LOAD objdir/aes_keyschedule.o
LOAD objdir/aes_sbox.o
LOAD objdir/aes128_enc.o
LOAD objdir/gf256mul.o
LOAD /usr/lib/gcc/avr/5.4.0/../../../avr/lib/avrxmega6/libm.a
START GROUP
LOAD /usr/lib/gcc/avr/5.4.0/avrxmega6/libgcc.a
LOAD /usr/lib/gcc/avr/5.4.0/../../../avr/lib/avrxmega6/libm.a
LOAD /usr/lib/gcc/avr/5.4.0/../../../avr/lib/avrxmega6/libc.a
LOAD /usr/lib/gcc/avr/5.4.0/../../../avr/lib/avrxmega6/libatxmega128d3.a
END GROUP
                0x0000000000000000                __TEXT_REGION_ORIGIN__ = DEFINED (__TEXT_REGION_ORIGIN__)?__TEXT_REGION_ORIGIN__:0x0
                0x0000000000802000                __DATA_REGION_ORIGIN__ = DEFINED (__DATA_REGION_ORIGIN__)?__DATA_REGION_ORIGIN__:0x802000
                0x0000000000100000                __TEXT_REGION_LENGTH__ = DEFINED (__TEXT_REGION_LENGTH__)?__TEXT_REGION_LENGTH__:0x100000
                0x000000000000ffa0                __DATA_REGION_LENGTH__ = DEFINED (__DATA_REGION_LENGTH__)?__DATA_REGION_LENGTH__:0xffa0
                0x0000000000010000                __EEPROM_REGION_LENGTH__ = DEFINED (__EEPROM_REGION_LENGTH__)?__EEPROM_REGION_LENGTH__:0x10000
                [0x0000000000000006]                __FUSE_REGION_LENGTH__ = DEFINED (__FUSE_REGION_LENGTH__)?__FUSE_REGION_LENGTH__:0x400
                0x0000000000000400                __LOCK_REGION_LENGTH__ = DEFINED (__LOCK_REGION_LENGTH__)?__LOCK_REGION_LENGTH__:0x400
                0x0000000000000400                __SIGNATURE_REGION_LENGTH__ = DEFINED (__SIGNATURE_REGION_LENGTH__)?__SIGNATURE_REGION_LENGTH__:0x400
                0x0000000000000400                __USER_SIGNATURE_REGION_LENGTH__ = DEFINED (__USER_SIGNATURE_REGION_LENGTH__)?__USER_SIGNATURE_REGION_LENGTH__:0x400

.hash
 *(.hash)

.dynsym
 *(.dynsym)

.dynstr
 *(.dynstr)

.gnu.version
 *(.gnu.version)

.gnu.version_d
 *(.gnu.version_d)

.gnu.version_r
 *(.gnu.version_r)

.rel.init
 *(.rel.init)

.rela.init
 *(.rela.init)

.rel.text
 *(.rel.text)
 *(.rel.text.*)
 *(.rel.gnu.linkonce.t*)

.rela.text
 *(.rela.text)
 *(.rela.text.*)
 *(.rela.gnu.linkonce.t*)

.rel.fini
 *(.rel.fini)

.rela.fini
 *(.rela.fini)

.rel.rodata
 *(.rel.rodata)
 *(.rel.rodata.*)
 *(.rel.gnu.linkonce.r*)

.rela.rodata
 *(.rela.rodata)
 *(.rela.rodata.*)
 *(.rela.gnu.linkonce.r*)

.rel.data
 *(.rel.data)
 *(.rel.data.*)
 *(.rel.gnu.linkonce.d*)

.rela.data
 *(.rela.data)
 *(.rela.data.*)
 *(.rela.gnu.linkonce.d*)

.rel.ctors
 *(.rel.ctors)

.rela.ctors
 *(.rela.ctors)

.rel.dtors
 *(.rel.dtors)

.rela.dtors
 *(.rela.dtors)

.rel.got
 *(.rel.got)

.rela.got
 *(.rela.got)

.rel.bss
 *(.rel.bss)

.rela.bss
 *(.rela.bss)

.rel.plt
 *(.rel.plt)

.rela.plt
 *(.rela.plt)

.text           0x0000000000000000      0xeb4
 *(.vectors)
 .vectors       0x0000000000000000      0x1c8 /usr/lib/gcc/avr/5.4.0/../../../avr/lib/avrxmega6/crtatxmega128d3.o
                0x0000000000000000                __vectors
                0x0000000000000000                __vector_default
 *(.vectors)
 *(.progmem.gcc*)
                0x00000000000001c8                . = ALIGN (0x2)
                0x00000000000001c8                __trampolines_start = .
 *(.trampolines)
 .trampolines   0x00000000000001c8       0x20 linker stubs
 *(.trampolines*)
                0x00000000000001e8                __trampolines_end = .
 *libprintf_flt.a:*(.progmem.data)
 *libc.a:*(.progmem.data)
 *(.progmem*)
 .progmem.data  0x00000000000001e8        0xa objdir/aes_keyschedule.o
                0x00000000000001e8                rc_tab
 .progmem.data  0x00000000000001f2      0x100 objdir/aes_sbox.o
                0x00000000000001f2                aes_sbox
                0x00000000000002f2                . = ALIGN (0x2)
 *(.jumptables)
 *(.jumptables*)
 *(.lowtext)
 *(.lowtext*)
                0x00000000000002f2                __ctors_start = .
 *(.ctors)
                0x00000000000002f2                __ctors_end = .
                0x00000000000002f2                __dtors_start = .
 *(.dtors)
                0x00000000000002f2                __dtors_end = .
 SORT(*)(.ctors)
 SORT(*)(.dtors)
 *(.init0)
 .init0         0x00000000000002f2        0x0 /usr/lib/gcc/avr/5.4.0/../../../avr/lib/avrxmega6/crtatxmega128d3.o
                0x00000000000002f2                __init
 *(.init0)
 *(.init1)
 *(.init1)
 *(.init2)
 .init2         0x00000000000002f2       0x10 /usr/lib/gcc/avr/5.4.0/../../../avr/lib/avrxmega6/crtatxmega128d3.o
 *(.init2)
 *(.init3)
 *(.init3)
 *(.init4)
 .init4         0x0000000000000302       0x1a /usr/lib/gcc/avr/5.4.0/avrxmega6/libgcc.a(_copy_data.o)
                0x0000000000000302                __do_copy_data
 .init4         0x000000000000031c       0x10 /usr/lib/gcc/avr/5.4.0/avrxmega6/libgcc.a(_clear_bss.o)
                0x000000000000031c                __do_clear_bss
 *(.init4)
 *(.init5)
 *(.init5)
 *(.init6)
 *(.init6)
 *(.init7)
 *(.init7)
 *(.init8)
 *(.init8)
 *(.init9)
 .init9         0x000000000000032c        0x8 /usr/lib/gcc/avr/5.4.0/../../../avr/lib/avrxmega6/crtatxmega128d3.o
 *(.init9)
 *(.text)
 .text          0x0000000000000334        0x4 /usr/lib/gcc/avr/5.4.0/../../../avr/lib/avrxmega6/crtatxmega128d3.o
                0x0000000000000334                __vector_38
                0x0000000000000334                __vector_104
                0x0000000000000334                __vector_22
                0x0000000000000334                __vector_63
                0x0000000000000334                __vector_28
                0x0000000000000334                __vector_67
                0x0000000000000334                __vector_1
                0x0000000000000334                __vector_32
                0x0000000000000334                __vector_75
                0x0000000000000334                __vector_71
                0x0000000000000334                __vector_91
                0x0000000000000334                __vector_34
                0x0000000000000334                __vector_62
                0x0000000000000334                __vector_77
                0x0000000000000334                __vector_102
                0x0000000000000334                __vector_24
                0x0000000000000334                __vector_12
                0x0000000000000334                __vector_55
                0x0000000000000334                __vector_69
                0x0000000000000334                __vector_81
                0x0000000000000334                __vector_90
                0x0000000000000334                __vector_46
                0x0000000000000334                __bad_interrupt
                0x0000000000000334                __vector_72
                0x0000000000000334                __vector_6
                0x0000000000000334                __vector_110
                0x0000000000000334                __vector_31
                0x0000000000000334                __vector_92
                0x0000000000000334                __vector_35
                0x0000000000000334                __vector_78
                0x0000000000000334                __vector_74
                0x0000000000000334                __vector_39
                0x0000000000000334                __vector_107
                0x0000000000000334                __vector_3
                0x0000000000000334                __vector_105
                0x0000000000000334                __vector_98
                0x0000000000000334                __vector_23
                0x0000000000000334                __vector_68
                0x0000000000000334                __vector_30
                0x0000000000000334                __vector_73
                0x0000000000000334                __vector_45
                0x0000000000000334                __vector_25
                0x0000000000000334                __vector_93
                0x0000000000000334                __vector_61
                0x0000000000000334                __vector_11
                0x0000000000000334                __vector_54
                0x0000000000000334                __vector_99
                0x0000000000000334                __vector_13
                0x0000000000000334                __vector_17
                0x0000000000000334                __vector_19
                0x0000000000000334                __vector_56
                0x0000000000000334                __vector_7
                0x0000000000000334                __vector_49
                0x0000000000000334                __vector_41
                0x0000000000000334                __vector_86
                0x0000000000000334                __vector_100
                0x0000000000000334                __vector_101
                0x0000000000000334                __vector_64
                0x0000000000000334                __vector_88
                0x0000000000000334                __vector_109
                0x0000000000000334                __vector_43
                0x0000000000000334                __vector_27
                0x0000000000000334                __vector_5
                0x0000000000000334                __vector_113
                0x0000000000000334                __vector_33
                0x0000000000000334                __vector_76
                0x0000000000000334                __vector_47
                0x0000000000000334                __vector_52
                0x0000000000000334                __vector_37
                0x0000000000000334                __vector_95
                0x0000000000000334                __vector_103
                0x0000000000000334                __vector_96
                0x0000000000000334                __vector_89
                0x0000000000000334                __vector_108
                0x0000000000000334                __vector_4
                0x0000000000000334                __vector_44
                0x0000000000000334                __vector_82
                0x0000000000000334                __vector_106
                0x0000000000000334                __vector_51
                0x0000000000000334                __vector_9
                0x0000000000000334                __vector_2
                0x0000000000000334                __vector_21
                0x0000000000000334                __vector_15
                0x0000000000000334                __vector_66
                0x0000000000000334                __vector_36
                0x0000000000000334                __vector_79
                0x0000000000000334                __vector_58
                0x0000000000000334                __vector_70
                0x0000000000000334                __vector_83
                0x0000000000000334                __vector_29
                0x0000000000000334                __vector_60
                0x0000000000000334                __vector_40
                0x0000000000000334                __vector_85
                0x0000000000000334                __vector_94
                0x0000000000000334                __vector_8
                0x0000000000000334                __vector_26
                0x0000000000000334                __vector_48
                0x0000000000000334                __vector_112
                0x0000000000000334                __vector_111
                0x0000000000000334                __vector_80
                0x0000000000000334                __vector_14
                0x0000000000000334                __vector_84
                0x0000000000000334                __vector_57
                0x0000000000000334                __vector_53
                0x0000000000000334                __vector_10
                0x0000000000000334                __vector_50
                0x0000000000000334                __vector_16
                0x0000000000000334                __vector_59
                0x0000000000000334                __vector_18
                0x0000000000000334                __vector_97
                0x0000000000000334                __vector_20
                0x0000000000000334                __vector_42
                0x0000000000000334                __vector_87
                0x0000000000000334                __vector_65
 .text          0x0000000000000338       0xd6 objdir/simpleserial-aes.o
                0x0000000000000338                reset
                0x000000000000033c                enc_multi_setnum
                0x0000000000000340                get_mask
                0x0000000000000348                get_key
                0x0000000000000350                get_pt
 .text          0x000000000000040e      0x3c6 objdir/simpleserial.o
                0x000000000000040e                check_version
                0x0000000000000412                ss_crc
                0x000000000000043a                hex_decode
                0x00000000000004c4                simpleserial_addcmd_flags
                0x000000000000050a                simpleserial_addcmd
                0x0000000000000510                simpleserial_init
                0x000000000000053a                simpleserial_put
                0x00000000000005a4                ss_num_commands
                0x00000000000005cc                ss_get_commands
                0x000000000000064e                simpleserial_get
 .text          0x00000000000007d4        0x0 objdir/XMEGA_AES_driver.o
 .text          0x00000000000007d4       0x88 objdir/uart.o
                0x00000000000007d4                init_uart0
                0x00000000000007fc                input_ch_w_timeout_0
                0x0000000000000840                input_ch_0
                0x000000000000084e                output_ch_0
 .text          0x000000000000085c      0x11a objdir/usart_driver.o
                0x000000000000085c                USART_InterruptDriver_Initialize
                0x000000000000086e                USART_InterruptDriver_DreInterruptLevel_Set
                0x0000000000000874                USART_TXBuffer_FreeSpace
                0x0000000000000888                USART_TXBuffer_PutByte
                0x00000000000008c0                USART_RXBufferData_Available
                0x00000000000008d0                USART_RXBuffer_GetByte
                0x00000000000008e8                USART_RXComplete
                0x0000000000000912                USART_DataRegEmpty
                0x000000000000094c                USART_NineBits_PutChar
                0x0000000000000960                USART_NineBits_GetChar
 .text          0x0000000000000976       0x2c objdir/xmega_hal.o
                0x0000000000000976                platform_init
 .text          0x00000000000009a2       0x1c objdir/aes-independant.o
                0x00000000000009a2                aes_indep_init
                0x00000000000009a4                aes_indep_key
                0x00000000000009ac                aes_indep_enc
                0x00000000000009b8                aes_indep_enc_pretrigger
                0x00000000000009ba                aes_indep_enc_posttrigger
                0x00000000000009bc                aes_indep_mask
 .text          0x00000000000009be      0x2ba objdir/aes_enc.o
                0x00000000000009be                aes_shiftcol
                0x0000000000000a5c                aes_encrypt_core
 .text          0x0000000000000c78      0x16c objdir/aes_keyschedule.o
                0x0000000000000c78                aes_init
                0x0000000000000dc6                aes128_init
                0x0000000000000dd0                aes192_init
                0x0000000000000dda                aes256_init
 .text          0x0000000000000de4        0x0 objdir/aes_sbox.o
 .text          0x0000000000000de4       0x14 objdir/aes128_enc.o
                0x0000000000000de4                aes128_enc
 .text          0x0000000000000df8       0x1a objdir/gf256mul.o
                0x0000000000000df8                gf256mul
 .text          0x0000000000000e12        0x0 /usr/lib/gcc/avr/5.4.0/avrxmega6/libgcc.a(_exit.o)
 .text          0x0000000000000e12        0x0 /usr/lib/gcc/avr/5.4.0/avrxmega6/libgcc.a(_copy_data.o)
 .text          0x0000000000000e12        0x0 /usr/lib/gcc/avr/5.4.0/avrxmega6/libgcc.a(_clear_bss.o)
 .text          0x0000000000000e12        0x0 /usr/lib/gcc/avr/5.4.0/../../../avr/lib/avrxmega6/libc.a(memcpy.o)
                0x0000000000000e12                . = ALIGN (0x2)
 *(.text.*)
 .text.startup  0x0000000000000e12       0x8c objdir/simpleserial-aes.o
                0x0000000000000e12                main
 .text.libgcc.mul
                0x0000000000000e9e        0x0 /usr/lib/gcc/avr/5.4.0/avrxmega6/libgcc.a(_exit.o)
 .text.libgcc.div
                0x0000000000000e9e        0x0 /usr/lib/gcc/avr/5.4.0/avrxmega6/libgcc.a(_exit.o)
 .text.libgcc   0x0000000000000e9e        0x0 /usr/lib/gcc/avr/5.4.0/avrxmega6/libgcc.a(_exit.o)
 .text.libgcc.prologue
                0x0000000000000e9e        0x0 /usr/lib/gcc/avr/5.4.0/avrxmega6/libgcc.a(_exit.o)
 .text.libgcc.builtins
                0x0000000000000e9e        0x0 /usr/lib/gcc/avr/5.4.0/avrxmega6/libgcc.a(_exit.o)
 .text.libgcc.fmul
                0x0000000000000e9e        0x0 /usr/lib/gcc/avr/5.4.0/avrxmega6/libgcc.a(_exit.o)
 .text.libgcc.fixed
                0x0000000000000e9e        0x0 /usr/lib/gcc/avr/5.4.0/avrxmega6/libgcc.a(_exit.o)
 .text.libgcc.mul
                0x0000000000000e9e        0x0 /usr/lib/gcc/avr/5.4.0/avrxmega6/libgcc.a(_copy_data.o)
 .text.libgcc.div
                0x0000000000000e9e        0x0 /usr/lib/gcc/avr/5.4.0/avrxmega6/libgcc.a(_copy_data.o)
 .text.libgcc   0x0000000000000e9e        0x0 /usr/lib/gcc/avr/5.4.0/avrxmega6/libgcc.a(_copy_data.o)
 .text.libgcc.prologue
                0x0000000000000e9e        0x0 /usr/lib/gcc/avr/5.4.0/avrxmega6/libgcc.a(_copy_data.o)
 .text.libgcc.builtins
                0x0000000000000e9e        0x0 /usr/lib/gcc/avr/5.4.0/avrxmega6/libgcc.a(_copy_data.o)
 .text.libgcc.fmul
                0x0000000000000e9e        0x0 /usr/lib/gcc/avr/5.4.0/avrxmega6/libgcc.a(_copy_data.o)
 .text.libgcc.fixed
                0x0000000000000e9e        0x0 /usr/lib/gcc/avr/5.4.0/avrxmega6/libgcc.a(_copy_data.o)
 .text.libgcc.mul
                0x0000000000000e9e        0x0 /usr/lib/gcc/avr/5.4.0/avrxmega6/libgcc.a(_clear_bss.o)
 .text.libgcc.div
                0x0000000000000e9e        0x0 /usr/lib/gcc/avr/5.4.0/avrxmega6/libgcc.a(_clear_bss.o)
 .text.libgcc   0x0000000000000e9e        0x0 /usr/lib/gcc/avr/5.4.0/avrxmega6/libgcc.a(_clear_bss.o)
 .text.libgcc.prologue
                0x0000000000000e9e        0x0 /usr/lib/gcc/avr/5.4.0/avrxmega6/libgcc.a(_clear_bss.o)
 .text.libgcc.builtins
                0x0000000000000e9e        0x0 /usr/lib/gcc/avr/5.4.0/avrxmega6/libgcc.a(_clear_bss.o)
 .text.libgcc.fmul
                0x0000000000000e9e        0x0 /usr/lib/gcc/avr/5.4.0/avrxmega6/libgcc.a(_clear_bss.o)
 .text.libgcc.fixed
                0x0000000000000e9e        0x0 /usr/lib/gcc/avr/5.4.0/avrxmega6/libgcc.a(_clear_bss.o)
 .text.avr-libc
                0x0000000000000e9e       0x12 /usr/lib/gcc/avr/5.4.0/../../../avr/lib/avrxmega6/libc.a(memcpy.o)
                0x0000000000000e9e                memcpy
                0x0000000000000eb0                . = ALIGN (0x2)
 *(.fini9)
 .fini9         0x0000000000000eb0        0x0 /usr/lib/gcc/avr/5.4.0/avrxmega6/libgcc.a(_exit.o)
                0x0000000000000eb0                exit
                0x0000000000000eb0                _exit
 *(.fini9)
 *(.fini8)
 *(.fini8)
 *(.fini7)
 *(.fini7)
 *(.fini6)
 *(.fini6)
 *(.fini5)
 *(.fini5)
 *(.fini4)
 *(.fini4)
 *(.fini3)
 *(.fini3)
 *(.fini2)
 *(.fini2)
 *(.fini1)
 *(.fini1)
 *(.fini0)
 .fini0         0x0000000000000eb0        0x4 /usr/lib/gcc/avr/5.4.0/avrxmega6/libgcc.a(_exit.o)
 *(.fini0)
                0x0000000000000eb4                _etext = .

.data           0x0000000000802000       0x20 load address 0x0000000000000eb4
                0x0000000000802000                PROVIDE (__data_start, .)
 *(.data)
 .data          0x0000000000802000        0x0 /usr/lib/gcc/avr/5.4.0/../../../avr/lib/avrxmega6/crtatxmega128d3.o
 .data          0x0000000000802000        0x0 objdir/simpleserial-aes.o
 .data          0x0000000000802000        0x0 objdir/simpleserial.o
 .data          0x0000000000802000        0x0 objdir/XMEGA_AES_driver.o
 .data          0x0000000000802000        0x0 objdir/uart.o
 .data          0x0000000000802000        0x0 objdir/usart_driver.o
 .data          0x0000000000802000        0x0 objdir/xmega_hal.o
 .data          0x0000000000802000        0x0 objdir/aes-independant.o
 .data          0x0000000000802000        0x0 objdir/aes_enc.o
 .data          0x0000000000802000        0x0 objdir/aes_keyschedule.o
 .data          0x0000000000802000        0x0 objdir/aes_sbox.o
 .data          0x0000000000802000        0x0 objdir/aes128_enc.o
 .data          0x0000000000802000        0x0 objdir/gf256mul.o
 .data          0x0000000000802000        0x0 /usr/lib/gcc/avr/5.4.0/avrxmega6/libgcc.a(_exit.o)
 .data          0x0000000000802000        0x0 /usr/lib/gcc/avr/5.4.0/avrxmega6/libgcc.a(_copy_data.o)
 .data          0x0000000000802000        0x0 /usr/lib/gcc/avr/5.4.0/avrxmega6/libgcc.a(_clear_bss.o)
 .data          0x0000000000802000        0x0 /usr/lib/gcc/avr/5.4.0/../../../avr/lib/avrxmega6/libc.a(memcpy.o)
 *(.data*)
 *(.gnu.linkonce.d*)
 *(.rodata)
 .rodata        0x0000000000802000       0x10 objdir/simpleserial-aes.o
 .rodata        0x0000000000802010       0x10 objdir/simpleserial.o
 *(.rodata*)
 *(.gnu.linkonce.r*)
                0x0000000000802020                . = ALIGN (0x2)
                0x0000000000802020                _edata = .
                0x0000000000802020                PROVIDE (__data_end, .)

.bss            0x0000000000802020      0x214
                0x0000000000802020                PROVIDE (__bss_start, .)
 *(.bss)
 .bss           0x0000000000802020        0x0 /usr/lib/gcc/avr/5.4.0/../../../avr/lib/avrxmega6/crtatxmega128d3.o
 .bss           0x0000000000802020        0x0 objdir/simpleserial-aes.o
 .bss           0x0000000000802020       0x62 objdir/simpleserial.o
 .bss           0x0000000000802082        0x0 objdir/XMEGA_AES_driver.o
 .bss           0x0000000000802082        0x0 objdir/uart.o
 .bss           0x0000000000802082        0x0 objdir/usart_driver.o
 .bss           0x0000000000802082        0x0 objdir/xmega_hal.o
 .bss           0x0000000000802082        0x0 objdir/aes-independant.o
 .bss           0x0000000000802082        0x0 objdir/aes_enc.o
 .bss           0x0000000000802082        0x0 objdir/aes_keyschedule.o
 .bss           0x0000000000802082        0x0 objdir/aes_sbox.o
 .bss           0x0000000000802082        0x0 objdir/aes128_enc.o
 .bss           0x0000000000802082        0x0 objdir/gf256mul.o
 .bss           0x0000000000802082        0x0 /usr/lib/gcc/avr/5.4.0/avrxmega6/libgcc.a(_exit.o)
 .bss           0x0000000000802082        0x0 /usr/lib/gcc/avr/5.4.0/avrxmega6/libgcc.a(_copy_data.o)
 .bss           0x0000000000802082        0x0 /usr/lib/gcc/avr/5.4.0/avrxmega6/libgcc.a(_clear_bss.o)
 .bss           0x0000000000802082        0x0 /usr/lib/gcc/avr/5.4.0/../../../avr/lib/avrxmega6/libc.a(memcpy.o)
 *(.bss*)
 *(COMMON)
 COMMON         0x0000000000802082      0x102 objdir/simpleserial-aes.o
                0x0000000000802082                aes_sbox2
                0x0000000000802182                rmask
 COMMON         0x0000000000802184       0xb0 objdir/aes-independant.o
                0x0000000000802184                ctx
                0x0000000000802234                PROVIDE (__bss_end, .)
                0x0000000000000eb4                __data_load_start = LOADADDR (.data)
                0x0000000000000ed4                __data_load_end = (__data_load_start + SIZEOF (.data))

.noinit         0x0000000000802234        0x0
                [!provide]                        PROVIDE (__noinit_start, .)
 *(.noinit*)
                [!provide]                        PROVIDE (__noinit_end, .)
                0x0000000000802234                _end = .
                [!provide]                        PROVIDE (__heap_start, .)

.eeprom         0x0000000000810000        0x0
 *(.eeprom*)
                0x0000000000810000                __eeprom_end = .

.fuse
 *(.fuse)
 *(.lfuse)
 *(.hfuse)
 *(.efuse)

.lock
 *(.lock*)

.signature
 *(.signature*)

.user_signatures
 *(.user_signatures*)

.stab           0x0000000000000000       0xc0
 *(.stab)
 .stab          0x0000000000000000       0xc0 objdir/gf256mul.o

.stabstr        0x0000000000000000       0x3f
 *(.stabstr)
 .stabstr       0x0000000000000000       0x3f objdir/gf256mul.o

.stab.excl
 *(.stab.excl)

.stab.exclstr
 *(.stab.exclstr)

.stab.index
 *(.stab.index)

.stab.indexstr
 *(.stab.indexstr)

.comment        0x0000000000000000       0x11
 *(.comment)
 .comment       0x0000000000000000       0x11 objdir/simpleserial-aes.o
                                         0x12 (size before relaxing)
 .comment       0x0000000000000011       0x12 objdir/simpleserial.o
 .comment       0x0000000000000011       0x12 objdir/XMEGA_AES_driver.o
 .comment       0x0000000000000011       0x12 objdir/uart.o
 .comment       0x0000000000000011       0x12 objdir/usart_driver.o
 .comment       0x0000000000000011       0x12 objdir/xmega_hal.o
 .comment       0x0000000000000011       0x12 objdir/aes-independant.o
 .comment       0x0000000000000011       0x12 objdir/aes_enc.o
 .comment       0x0000000000000011       0x12 objdir/aes_keyschedule.o
 .comment       0x0000000000000011       0x12 objdir/aes_sbox.o
 .comment       0x0000000000000011       0x12 objdir/aes128_enc.o

.note.gnu.avr.deviceinfo
                0x0000000000000000       0x40
 .note.gnu.avr.deviceinfo
                0x0000000000000000       0x40 /usr/lib/gcc/avr/5.4.0/../../../avr/lib/avrxmega6/crtatxmega128d3.o

.note.gnu.build-id
 *(.note.gnu.build-id)

.debug
 *(.debug)

.line
 *(.line)

.debug_srcinfo
 *(.debug_srcinfo)

.debug_sfnames
 *(.debug_sfnames)

.debug_aranges  0x0000000000000000      0x140
 *(.debug_aranges)
 .debug_aranges
                0x0000000000000000       0x28 objdir/simpleserial-aes.o
 .debug_aranges
                0x0000000000000028       0x20 objdir/simpleserial.o
 .debug_aranges
                0x0000000000000048       0x20 objdir/uart.o
 .debug_aranges
                0x0000000000000068       0x20 objdir/usart_driver.o
 .debug_aranges
                0x0000000000000088       0x20 objdir/xmega_hal.o
 .debug_aranges
                0x00000000000000a8       0x20 objdir/aes-independant.o
 .debug_aranges
                0x00000000000000c8       0x20 objdir/aes_enc.o
 .debug_aranges
                0x00000000000000e8       0x20 objdir/aes_keyschedule.o
 .debug_aranges
                0x0000000000000108       0x18 objdir/aes_sbox.o
 .debug_aranges
                0x0000000000000120       0x20 objdir/aes128_enc.o

.debug_pubnames
 *(.debug_pubnames)

.debug_info     0x0000000000000000     0x4991
 *(.debug_info .gnu.linkonce.wi.*)
 .debug_info    0x0000000000000000     0x2168 /usr/lib/gcc/avr/5.4.0/../../../avr/lib/avrxmega6/crtatxmega128d3.o
 .debug_info    0x0000000000002168      0x6c6 objdir/simpleserial-aes.o
 .debug_info    0x000000000000282e      0x77a objdir/simpleserial.o
 .debug_info    0x0000000000002fa8      0x39c objdir/uart.o
 .debug_info    0x0000000000003344      0x584 objdir/usart_driver.o
 .debug_info    0x00000000000038c8      0x1b5 objdir/xmega_hal.o
 .debug_info    0x0000000000003a7d      0x262 objdir/aes-independant.o
 .debug_info    0x0000000000003cdf      0x48e objdir/aes_enc.o
 .debug_info    0x000000000000416d      0x5db objdir/aes_keyschedule.o
 .debug_info    0x0000000000004748       0x94 objdir/aes_sbox.o
 .debug_info    0x00000000000047dc      0x1b5 objdir/aes128_enc.o

.debug_abbrev   0x0000000000000000     0x2dd0
 *(.debug_abbrev)
 .debug_abbrev  0x0000000000000000     0x1fa2 /usr/lib/gcc/avr/5.4.0/../../../avr/lib/avrxmega6/crtatxmega128d3.o
 .debug_abbrev  0x0000000000001fa2      0x1c0 objdir/simpleserial-aes.o
 .debug_abbrev  0x0000000000002162      0x258 objdir/simpleserial.o
 .debug_abbrev  0x00000000000023ba      0x12e objdir/uart.o
 .debug_abbrev  0x00000000000024e8      0x22c objdir/usart_driver.o
 .debug_abbrev  0x0000000000002714       0xb9 objdir/xmega_hal.o
 .debug_abbrev  0x00000000000027cd      0x145 objdir/aes-independant.o
 .debug_abbrev  0x0000000000002912      0x1b7 objdir/aes_enc.o
 .debug_abbrev  0x0000000000002ac9      0x1d4 objdir/aes_keyschedule.o
 .debug_abbrev  0x0000000000002c9d       0x5d objdir/aes_sbox.o
 .debug_abbrev  0x0000000000002cfa       0xd6 objdir/aes128_enc.o

.debug_line     0x0000000000000000      0xeb8
 *(.debug_line .debug_line.* .debug_line_end)
 .debug_line    0x0000000000000000       0x1a /usr/lib/gcc/avr/5.4.0/../../../avr/lib/avrxmega6/crtatxmega128d3.o
 .debug_line    0x000000000000001a      0x24a objdir/simpleserial-aes.o
 .debug_line    0x0000000000000264      0x32c objdir/simpleserial.o
 .debug_line    0x0000000000000590        0x0 objdir/XMEGA_AES_driver.o
 .debug_line    0x0000000000000590      0x113 objdir/uart.o
 .debug_line    0x00000000000006a3      0x220 objdir/usart_driver.o
 .debug_line    0x00000000000008c3       0xbe objdir/xmega_hal.o
 .debug_line    0x0000000000000981       0xe2 objdir/aes-independant.o
 .debug_line    0x0000000000000a63      0x1da objdir/aes_enc.o
 .debug_line    0x0000000000000c3d      0x173 objdir/aes_keyschedule.o
 .debug_line    0x0000000000000db0       0x67 objdir/aes_sbox.o
 .debug_line    0x0000000000000e17       0xa1 objdir/aes128_enc.o

.debug_frame    0x0000000000000000      0x564
 *(.debug_frame)
 .debug_frame   0x0000000000000000       0xb8 objdir/simpleserial-aes.o
 .debug_frame   0x00000000000000b8      0x150 objdir/simpleserial.o
 .debug_frame   0x0000000000000208       0x68 objdir/uart.o
 .debug_frame   0x0000000000000270       0xd4 objdir/usart_driver.o
 .debug_frame   0x0000000000000344       0x24 objdir/xmega_hal.o
 .debug_frame   0x0000000000000368       0x74 objdir/aes-independant.o
 .debug_frame   0x00000000000003dc       0xbc objdir/aes_enc.o
 .debug_frame   0x0000000000000498       0x9c objdir/aes_keyschedule.o
 .debug_frame   0x0000000000000534       0x30 objdir/aes128_enc.o

.debug_str      0x0000000000000000     0x2165
 *(.debug_str)
 .debug_str     0x0000000000000000     0x1641 /usr/lib/gcc/avr/5.4.0/../../../avr/lib/avrxmega6/crtatxmega128d3.o
 .debug_str     0x0000000000001641      0x387 objdir/simpleserial-aes.o
                                        0x3c0 (size before relaxing)
 .debug_str     0x00000000000019c8       0xd7 objdir/simpleserial.o
                                        0x2b4 (size before relaxing)
 .debug_str     0x0000000000001a9f       0x22 objdir/XMEGA_AES_driver.o
                                        0x104 (size before relaxing)
 .debug_str     0x0000000000001ac1      0x157 objdir/uart.o
                                        0x3c7 (size before relaxing)
 .debug_str     0x0000000000001c18      0x254 objdir/usart_driver.o
                                        0x45e (size before relaxing)
 .debug_str     0x0000000000001e6c      0x114 objdir/xmega_hal.o
                                        0x294 (size before relaxing)
 .debug_str     0x0000000000001f80       0x51 objdir/aes-independant.o
                                        0x20f (size before relaxing)
 .debug_str     0x0000000000001fd1       0xa0 objdir/aes_enc.o
                                        0x22a (size before relaxing)
 .debug_str     0x0000000000002071       0xa0 objdir/aes_keyschedule.o
                                        0x253 (size before relaxing)
 .debug_str     0x0000000000002111       0x29 objdir/aes_sbox.o
                                        0x18c (size before relaxing)
 .debug_str     0x000000000000213a       0x2b objdir/aes128_enc.o
                                        0x1e1 (size before relaxing)

.debug_loc      0x0000000000000000     0x183c
 *(.debug_loc)
 .debug_loc     0x0000000000000000      0x2c6 objdir/simpleserial-aes.o
 .debug_loc     0x00000000000002c6      0x658 objdir/simpleserial.o
 .debug_loc     0x000000000000091e       0xc2 objdir/uart.o
 .debug_loc     0x00000000000009e0      0x385 objdir/usart_driver.o
 .debug_loc     0x0000000000000d65       0xb8 objdir/aes-independant.o
 .debug_loc     0x0000000000000e1d      0x4c5 objdir/aes_enc.o
 .debug_loc     0x00000000000012e2      0x473 objdir/aes_keyschedule.o
 .debug_loc     0x0000000000001755       0xe7 objdir/aes128_enc.o

.debug_macinfo
 *(.debug_macinfo)

.debug_weaknames
 *(.debug_weaknames)

.debug_funcnames
 *(.debug_funcnames)

.debug_typenames
 *(.debug_typenames)

.debug_varnames
 *(.debug_varnames)

.debug_pubtypes
 *(.debug_pubtypes)

.debug_ranges   0x0000000000000000       0x18
 *(.debug_ranges)
 .debug_ranges  0x0000000000000000       0x18 objdir/simpleserial-aes.o

.debug_macro
 *(.debug_macro)
OUTPUT(simpleserial-aes-CWLITEXMEGA.elf elf32-avr)
LOAD linker stubs

Cross Reference Table

Symbol                                            File
USART_DataRegEmpty                                objdir/usart_driver.o
USART_InterruptDriver_DreInterruptLevel_Set       objdir/usart_driver.o
USART_InterruptDriver_Initialize                  objdir/usart_driver.o
USART_NineBits_GetChar                            objdir/usart_driver.o
USART_NineBits_PutChar                            objdir/usart_driver.o
USART_RXBufferData_Available                      objdir/usart_driver.o
USART_RXBuffer_GetByte                            objdir/usart_driver.o
USART_RXComplete                                  objdir/usart_driver.o
USART_TXBuffer_FreeSpace                          objdir/usart_driver.o
USART_TXBuffer_PutByte                            objdir/usart_driver.o
__FUSE_REGION_LENGTH__                            /usr/lib/gcc/avr/5.4.0/../../../avr/lib/avrxmega6/crtatxmega128d3.o
__bad_interrupt                                   /usr/lib/gcc/avr/5.4.0/../../../avr/lib/avrxmega6/crtatxmega128d3.o
__bss_end                                         /usr/lib/gcc/avr/5.4.0/avrxmega6/libgcc.a(_clear_bss.o)
__bss_start                                       /usr/lib/gcc/avr/5.4.0/avrxmega6/libgcc.a(_clear_bss.o)
__data_end                                        /usr/lib/gcc/avr/5.4.0/avrxmega6/libgcc.a(_copy_data.o)
__data_load_start                                 /usr/lib/gcc/avr/5.4.0/avrxmega6/libgcc.a(_copy_data.o)
__data_start                                      /usr/lib/gcc/avr/5.4.0/avrxmega6/libgcc.a(_copy_data.o)
__do_clear_bss                                    /usr/lib/gcc/avr/5.4.0/avrxmega6/libgcc.a(_clear_bss.o)
                                                  objdir/aes-independant.o
                                                  objdir/simpleserial.o
                                                  objdir/simpleserial-aes.o
__do_copy_data                                    /usr/lib/gcc/avr/5.4.0/avrxmega6/libgcc.a(_copy_data.o)
                                                  objdir/simpleserial.o
                                                  objdir/simpleserial-aes.o
__heap_end                                        /usr/lib/gcc/avr/5.4.0/../../../avr/lib/avrxmega6/crtatxmega128d3.o
__init                                            /usr/lib/gcc/avr/5.4.0/../../../avr/lib/avrxmega6/crtatxmega128d3.o
__stack                                           /usr/lib/gcc/avr/5.4.0/../../../avr/lib/avrxmega6/crtatxmega128d3.o
__vector_1                                        /usr/lib/gcc/avr/5.4.0/../../../avr/lib/avrxmega6/crtatxmega128d3.o
__vector_10                                       /usr/lib/gcc/avr/5.4.0/../../../avr/lib/avrxmega6/crtatxmega128d3.o
__vector_100                                      /usr/lib/gcc/avr/5.4.0/../../../avr/lib/avrxmega6/crtatxmega128d3.o
__vector_101                                      /usr/lib/gcc/avr/5.4.0/../../../avr/lib/avrxmega6/crtatxmega128d3.o
__vector_102                                      /usr/lib/gcc/avr/5.4.0/../../../avr/lib/avrxmega6/crtatxmega128d3.o
__vector_103                                      /usr/lib/gcc/avr/5.4.0/../../../avr/lib/avrxmega6/crtatxmega128d3.o
__vector_104                                      /usr/lib/gcc/avr/5.4.0/../../../avr/lib/avrxmega6/crtatxmega128d3.o
__vector_105                                      /usr/lib/gcc/avr/5.4.0/../../../avr/lib/avrxmega6/crtatxmega128d3.o
__vector_106                                      /usr/lib/gcc/avr/5.4.0/../../../avr/lib/avrxmega6/crtatxmega128d3.o
__vector_107                                      /usr/lib/gcc/avr/5.4.0/../../../avr/lib/avrxmega6/crtatxmega128d3.o
__vector_108                                      /usr/lib/gcc/avr/5.4.0/../../../avr/lib/avrxmega6/crtatxmega128d3.o
__vector_109                                      /usr/lib/gcc/avr/5.4.0/../../../avr/lib/avrxmega6/crtatxmega128d3.o
__vector_11                                       /usr/lib/gcc/avr/5.4.0/../../../avr/lib/avrxmega6/crtatxmega128d3.o
__vector_110                                      /usr/lib/gcc/avr/5.4.0/../../../avr/lib/avrxmega6/crtatxmega128d3.o
__vector_111                                      /usr/lib/gcc/avr/5.4.0/../../../avr/lib/avrxmega6/crtatxmega128d3.o
__vector_112                                      /usr/lib/gcc/avr/5.4.0/../../../avr/lib/avrxmega6/crtatxmega128d3.o
__vector_113                                      /usr/lib/gcc/avr/5.4.0/../../../avr/lib/avrxmega6/crtatxmega128d3.o
__vector_12                                       /usr/lib/gcc/avr/5.4.0/../../../avr/lib/avrxmega6/crtatxmega128d3.o
__vector_13                                       /usr/lib/gcc/avr/5.4.0/../../../avr/lib/avrxmega6/crtatxmega128d3.o
__vector_14                                       /usr/lib/gcc/avr/5.4.0/../../../avr/lib/avrxmega6/crtatxmega128d3.o
__vector_15                                       /usr/lib/gcc/avr/5.4.0/../../../avr/lib/avrxmega6/crtatxmega128d3.o
__vector_16                                       /usr/lib/gcc/avr/5.4.0/../../../avr/lib/avrxmega6/crtatxmega128d3.o
__vector_17                                       /usr/lib/gcc/avr/5.4.0/../../../avr/lib/avrxmega6/crtatxmega128d3.o
__vector_18                                       /usr/lib/gcc/avr/5.4.0/../../../avr/lib/avrxmega6/crtatxmega128d3.o
__vector_19                                       /usr/lib/gcc/avr/5.4.0/../../../avr/lib/avrxmega6/crtatxmega128d3.o
__vector_2                                        /usr/lib/gcc/avr/5.4.0/../../../avr/lib/avrxmega6/crtatxmega128d3.o
__vector_20                                       /usr/lib/gcc/avr/5.4.0/../../../avr/lib/avrxmega6/crtatxmega128d3.o
__vector_21                                       /usr/lib/gcc/avr/5.4.0/../../../avr/lib/avrxmega6/crtatxmega128d3.o
__vector_22                                       /usr/lib/gcc/avr/5.4.0/../../../avr/lib/avrxmega6/crtatxmega128d3.o
__vector_23                                       /usr/lib/gcc/avr/5.4.0/../../../avr/lib/avrxmega6/crtatxmega128d3.o
__vector_24                                       /usr/lib/gcc/avr/5.4.0/../../../avr/lib/avrxmega6/crtatxmega128d3.o
__vector_25                                       /usr/lib/gcc/avr/5.4.0/../../../avr/lib/avrxmega6/crtatxmega128d3.o
__vector_26                                       /usr/lib/gcc/avr/5.4.0/../../../avr/lib/avrxmega6/crtatxmega128d3.o
__vector_27                                       /usr/lib/gcc/avr/5.4.0/../../../avr/lib/avrxmega6/crtatxmega128d3.o
__vector_28                                       /usr/lib/gcc/avr/5.4.0/../../../avr/lib/avrxmega6/crtatxmega128d3.o
__vector_29                                       /usr/lib/gcc/avr/5.4.0/../../../avr/lib/avrxmega6/crtatxmega128d3.o
__vector_3                                        /usr/lib/gcc/avr/5.4.0/../../../avr/lib/avrxmega6/crtatxmega128d3.o
__vector_30                                       /usr/lib/gcc/avr/5.4.0/../../../avr/lib/avrxmega6/crtatxmega128d3.o
__vector_31                                       /usr/lib/gcc/avr/5.4.0/../../../avr/lib/avrxmega6/crtatxmega128d3.o
__vector_32                                       /usr/lib/gcc/avr/5.4.0/../../../avr/lib/avrxmega6/crtatxmega128d3.o
__vector_33                                       /usr/lib/gcc/avr/5.4.0/../../../avr/lib/avrxmega6/crtatxmega128d3.o
__vector_34                                       /usr/lib/gcc/avr/5.4.0/../../../avr/lib/avrxmega6/crtatxmega128d3.o
__vector_35                                       /usr/lib/gcc/avr/5.4.0/../../../avr/lib/avrxmega6/crtatxmega128d3.o
__vector_36                                       /usr/lib/gcc/avr/5.4.0/../../../avr/lib/avrxmega6/crtatxmega128d3.o
__vector_37                                       /usr/lib/gcc/avr/5.4.0/../../../avr/lib/avrxmega6/crtatxmega128d3.o
__vector_38                                       /usr/lib/gcc/avr/5.4.0/../../../avr/lib/avrxmega6/crtatxmega128d3.o
__vector_39                                       /usr/lib/gcc/avr/5.4.0/../../../avr/lib/avrxmega6/crtatxmega128d3.o
__vector_4                                        /usr/lib/gcc/avr/5.4.0/../../../avr/lib/avrxmega6/crtatxmega128d3.o
__vector_40                                       /usr/lib/gcc/avr/5.4.0/../../../avr/lib/avrxmega6/crtatxmega128d3.o
__vector_41                                       /usr/lib/gcc/avr/5.4.0/../../../avr/lib/avrxmega6/crtatxmega128d3.o
__vector_42                                       /usr/lib/gcc/avr/5.4.0/../../../avr/lib/avrxmega6/crtatxmega128d3.o
__vector_43                                       /usr/lib/gcc/avr/5.4.0/../../../avr/lib/avrxmega6/crtatxmega128d3.o
__vector_44                                       /usr/lib/gcc/avr/5.4.0/../../../avr/lib/avrxmega6/crtatxmega128d3.o
__vector_45                                       /usr/lib/gcc/avr/5.4.0/../../../avr/lib/avrxmega6/crtatxmega128d3.o
__vector_46                                       /usr/lib/gcc/avr/5.4.0/../../../avr/lib/avrxmega6/crtatxmega128d3.o
__vector_47                                       /usr/lib/gcc/avr/5.4.0/../../../avr/lib/avrxmega6/crtatxmega128d3.o
__vector_48                                       /usr/lib/gcc/avr/5.4.0/../../../avr/lib/avrxmega6/crtatxmega128d3.o
__vector_49                                       /usr/lib/gcc/avr/5.4.0/../../../avr/lib/avrxmega6/crtatxmega128d3.o
__vector_5                                        /usr/lib/gcc/avr/5.4.0/../../../avr/lib/avrxmega6/crtatxmega128d3.o
__vector_50                                       /usr/lib/gcc/avr/5.4.0/../../../avr/lib/avrxmega6/crtatxmega128d3.o
__vector_51                                       /usr/lib/gcc/avr/5.4.0/../../../avr/lib/avrxmega6/crtatxmega128d3.o
__vector_52                                       /usr/lib/gcc/avr/5.4.0/../../../avr/lib/avrxmega6/crtatxmega128d3.o
__vector_53                                       /usr/lib/gcc/avr/5.4.0/../../../avr/lib/avrxmega6/crtatxmega128d3.o
__vector_54                                       /usr/lib/gcc/avr/5.4.0/../../../avr/lib/avrxmega6/crtatxmega128d3.o
__vector_55                                       /usr/lib/gcc/avr/5.4.0/../../../avr/lib/avrxmega6/crtatxmega128d3.o
__vector_56                                       /usr/lib/gcc/avr/5.4.0/../../../avr/lib/avrxmega6/crtatxmega128d3.o
__vector_57                                       /usr/lib/gcc/avr/5.4.0/../../../avr/lib/avrxmega6/crtatxmega128d3.o
__vector_58                                       /usr/lib/gcc/avr/5.4.0/../../../avr/lib/avrxmega6/crtatxmega128d3.o
__vector_59                                       /usr/lib/gcc/avr/5.4.0/../../../avr/lib/avrxmega6/crtatxmega128d3.o
__vector_6                                        /usr/lib/gcc/avr/5.4.0/../../../avr/lib/avrxmega6/crtatxmega128d3.o
__vector_60                                       /usr/lib/gcc/avr/5.4.0/../../../avr/lib/avrxmega6/crtatxmega128d3.o
__vector_61                                       /usr/lib/gcc/avr/5.4.0/../../../avr/lib/avrxmega6/crtatxmega128d3.o
__vector_62                                       /usr/lib/gcc/avr/5.4.0/../../../avr/lib/avrxmega6/crtatxmega128d3.o
__vector_63                                       /usr/lib/gcc/avr/5.4.0/../../../avr/lib/avrxmega6/crtatxmega128d3.o
__vector_64                                       /usr/lib/gcc/avr/5.4.0/../../../avr/lib/avrxmega6/crtatxmega128d3.o
__vector_65                                       /usr/lib/gcc/avr/5.4.0/../../../avr/lib/avrxmega6/crtatxmega128d3.o
__vector_66                                       /usr/lib/gcc/avr/5.4.0/../../../avr/lib/avrxmega6/crtatxmega128d3.o
__vector_67                                       /usr/lib/gcc/avr/5.4.0/../../../avr/lib/avrxmega6/crtatxmega128d3.o
__vector_68                                       /usr/lib/gcc/avr/5.4.0/../../../avr/lib/avrxmega6/crtatxmega128d3.o
__vector_69                                       /usr/lib/gcc/avr/5.4.0/../../../avr/lib/avrxmega6/crtatxmega128d3.o
__vector_7                                        /usr/lib/gcc/avr/5.4.0/../../../avr/lib/avrxmega6/crtatxmega128d3.o
__vector_70                                       /usr/lib/gcc/avr/5.4.0/../../../avr/lib/avrxmega6/crtatxmega128d3.o
__vector_71                                       /usr/lib/gcc/avr/5.4.0/../../../avr/lib/avrxmega6/crtatxmega128d3.o
__vector_72                                       /usr/lib/gcc/avr/5.4.0/../../../avr/lib/avrxmega6/crtatxmega128d3.o
__vector_73                                       /usr/lib/gcc/avr/5.4.0/../../../avr/lib/avrxmega6/crtatxmega128d3.o
__vector_74                                       /usr/lib/gcc/avr/5.4.0/../../../avr/lib/avrxmega6/crtatxmega128d3.o
__vector_75                                       /usr/lib/gcc/avr/5.4.0/../../../avr/lib/avrxmega6/crtatxmega128d3.o
__vector_76                                       /usr/lib/gcc/avr/5.4.0/../../../avr/lib/avrxmega6/crtatxmega128d3.o
__vector_77                                       /usr/lib/gcc/avr/5.4.0/../../../avr/lib/avrxmega6/crtatxmega128d3.o
__vector_78                                       /usr/lib/gcc/avr/5.4.0/../../../avr/lib/avrxmega6/crtatxmega128d3.o
__vector_79                                       /usr/lib/gcc/avr/5.4.0/../../../avr/lib/avrxmega6/crtatxmega128d3.o
__vector_8                                        /usr/lib/gcc/avr/5.4.0/../../../avr/lib/avrxmega6/crtatxmega128d3.o
__vector_80                                       /usr/lib/gcc/avr/5.4.0/../../../avr/lib/avrxmega6/crtatxmega128d3.o
__vector_81                                       /usr/lib/gcc/avr/5.4.0/../../../avr/lib/avrxmega6/crtatxmega128d3.o
__vector_82                                       /usr/lib/gcc/avr/5.4.0/../../../avr/lib/avrxmega6/crtatxmega128d3.o
__vector_83                                       /usr/lib/gcc/avr/5.4.0/../../../avr/lib/avrxmega6/crtatxmega128d3.o
__vector_84                                       /usr/lib/gcc/avr/5.4.0/../../../avr/lib/avrxmega6/crtatxmega128d3.o
__vector_85                                       /usr/lib/gcc/avr/5.4.0/../../../avr/lib/avrxmega6/crtatxmega128d3.o
__vector_86                                       /usr/lib/gcc/avr/5.4.0/../../../avr/lib/avrxmega6/crtatxmega128d3.o
__vector_87                                       /usr/lib/gcc/avr/5.4.0/../../../avr/lib/avrxmega6/crtatxmega128d3.o
__vector_88                                       /usr/lib/gcc/avr/5.4.0/../../../avr/lib/avrxmega6/crtatxmega128d3.o
__vector_89                                       /usr/lib/gcc/avr/5.4.0/../../../avr/lib/avrxmega6/crtatxmega128d3.o
__vector_9                                        /usr/lib/gcc/avr/5.4.0/../../../avr/lib/avrxmega6/crtatxmega128d3.o
__vector_90                                       /usr/lib/gcc/avr/5.4.0/../../../avr/lib/avrxmega6/crtatxmega128d3.o
__vector_91                                       /usr/lib/gcc/avr/5.4.0/../../../avr/lib/avrxmega6/crtatxmega128d3.o
__vector_92                                       /usr/lib/gcc/avr/5.4.0/../../../avr/lib/avrxmega6/crtatxmega128d3.o
__vector_93                                       /usr/lib/gcc/avr/5.4.0/../../../avr/lib/avrxmega6/crtatxmega128d3.o
__vector_94                                       /usr/lib/gcc/avr/5.4.0/../../../avr/lib/avrxmega6/crtatxmega128d3.o
__vector_95                                       /usr/lib/gcc/avr/5.4.0/../../../avr/lib/avrxmega6/crtatxmega128d3.o
__vector_96                                       /usr/lib/gcc/avr/5.4.0/../../../avr/lib/avrxmega6/crtatxmega128d3.o
__vector_97                                       /usr/lib/gcc/avr/5.4.0/../../../avr/lib/avrxmega6/crtatxmega128d3.o
__vector_98                                       /usr/lib/gcc/avr/5.4.0/../../../avr/lib/avrxmega6/crtatxmega128d3.o
__vector_99                                       /usr/lib/gcc/avr/5.4.0/../../../avr/lib/avrxmega6/crtatxmega128d3.o
__vector_default                                  /usr/lib/gcc/avr/5.4.0/../../../avr/lib/avrxmega6/crtatxmega128d3.o
__vectors                                         /usr/lib/gcc/avr/5.4.0/../../../avr/lib/avrxmega6/crtatxmega128d3.o
_exit                                             /usr/lib/gcc/avr/5.4.0/avrxmega6/libgcc.a(_exit.o)
aes128_enc                                        objdir/aes128_enc.o
                                                  objdir/aes-independant.o
aes128_init                                       objdir/aes_keyschedule.o
                                                  objdir/aes-independant.o
aes192_init                                       objdir/aes_keyschedule.o
aes256_init                                       objdir/aes_keyschedule.o
aes_encrypt_core                                  objdir/aes_enc.o
                                                  objdir/aes128_enc.o
aes_indep_enc                                     objdir/aes-independant.o
                                                  objdir/simpleserial-aes.o
aes_indep_enc_posttrigger                         objdir/aes-independant.o
                                                  objdir/simpleserial-aes.o
aes_indep_enc_pretrigger                          objdir/aes-independant.o
                                                  objdir/simpleserial-aes.o
aes_indep_init                                    objdir/aes-independant.o
                                                  objdir/simpleserial-aes.o
aes_indep_key                                     objdir/aes-independant.o
                                                  objdir/simpleserial-aes.o
aes_indep_mask                                    objdir/aes-independant.o
                                                  objdir/simpleserial-aes.o
aes_init                                          objdir/aes_keyschedule.o
aes_sbox                                          objdir/aes_sbox.o
                                                  objdir/aes_keyschedule.o
                                                  objdir/simpleserial-aes.o
aes_sbox2                                         objdir/simpleserial-aes.o
aes_shiftcol                                      objdir/aes_enc.o
check_version                                     objdir/simpleserial.o
ctx                                               objdir/aes-independant.o
enc_multi_setnum                                  objdir/simpleserial-aes.o
exit                                              /usr/lib/gcc/avr/5.4.0/avrxmega6/libgcc.a(_exit.o)
                                                  /usr/lib/gcc/avr/5.4.0/../../../avr/lib/avrxmega6/crtatxmega128d3.o
get_key                                           objdir/simpleserial-aes.o
get_mask                                          objdir/simpleserial-aes.o
get_pt                                            objdir/simpleserial-aes.o
gf256mul                                          objdir/gf256mul.o
                                                  objdir/aes_enc.o
hex_decode                                        objdir/simpleserial.o
init_uart0                                        objdir/uart.o
                                                  objdir/simpleserial-aes.o
input_ch_0                                        objdir/uart.o
                                                  objdir/simpleserial.o
input_ch_w_timeout_0                              objdir/uart.o
main                                              objdir/simpleserial-aes.o
                                                  /usr/lib/gcc/avr/5.4.0/../../../avr/lib/avrxmega6/crtatxmega128d3.o
memcpy                                            /usr/lib/gcc/avr/5.4.0/../../../avr/lib/avrxmega6/libc.a(memcpy.o)
                                                  objdir/aes_keyschedule.o
output_ch_0                                       objdir/uart.o
                                                  objdir/simpleserial.o
platform_init                                     objdir/xmega_hal.o
                                                  objdir/simpleserial-aes.o
rc_tab                                            objdir/aes_keyschedule.o
reset                                             objdir/simpleserial-aes.o
rmask                                             objdir/simpleserial-aes.o
simpleserial_addcmd                               objdir/simpleserial.o
                                                  objdir/simpleserial-aes.o
simpleserial_addcmd_flags                         objdir/simpleserial.o
                                                  objdir/simpleserial-aes.o
simpleserial_get                                  objdir/simpleserial.o
                                                  objdir/simpleserial-aes.o
simpleserial_init                                 objdir/simpleserial.o
                                                  objdir/simpleserial-aes.o
simpleserial_put                                  objdir/simpleserial.o
                                                  objdir/simpleserial-aes.o
ss_crc                                            objdir/simpleserial.o
ss_get_commands                                   objdir/simpleserial.o
ss_num_commands                                   objdir/simpleserial.o
